// Jest Snapshot v1, https://goo.gl/fbAQLP

exports[`SearchPage should match snapshot 1`] = `
<div>
  <div
    class="sc-kstpWv kXWKKy"
  >
    <div
      class="sc-hBEZvw dIxoLP"
    >
      <div
        class="sc-fodVRF jPWXmj"
      >
        <img
          alt="SearchIcon"
          src="SearchIcon.svg"
        />
        <input
          class="sc-fFubCH fVwCXN"
          data-testid="searchInput"
        />
      </div>
      <div
        class="sc-bdfCDU kGOMDk"
      >
        <div
          class="sc-gsTDqH dzvPpc"
          imageurl="https://images.staging.tigerhall.io/resize/250x/users/2023-06-14/3f6c372d-d0b3-42fc-87f5-ffea83c6c5fe-f529ae53-39e2-4dea-861b-47cc9ceafeae.png"
        >
          <div
            class="sc-dlfmHC iPRmzj"
          >
            <img
              alt="ContentStatusIcon"
              src="PartiallyCompleteClock.svg"
            />
            <div
              class="sc-jrAGKZ sc-iqHXzD ibXuTY gKFJEZ"
            >
              30% Completed
            </div>
          </div>
          <div
            class="sc-hKgKIp edEyJb"
          >
            <img
              alt="EllipseIcon"
              src="Ellipse.svg"
            />
            <img
              alt="PodcastIcon"
              src="PodcastIcon.svg"
            />
          </div>
          <div
            class="sc-eCstZk gcvkBc"
          >
            <div
              class="sc-bqyKbq ikmMeJ"
            >
              <img
                alt="TimeIcon"
                src="TimeIcon.svg"
              />
              <div
                class="sc-jrAGKZ sc-iqHXzD ibXuTY gZHZOe"
                color="#FFFFFF"
              >
                20m
              </div>
            </div>
          </div>
        </div>
        <div
          class="sc-jSguLX iYfvCp"
        >
          <img
            alt="ProgressBarIcon"
            src="ProgressBarIcon.svg"
          />
        </div>
        <div
          class="sc-iBPTVF cncdJn"
        >
          <div
            class="sc-gKsecS dTZiMq"
          >
            <div
              style="display: flex; flex-direction: column; gap: 2px;"
            >
              <div
                class="sc-jrAGKZ sc-crrtmM ibXuTY dbuhjB"
              >
                COMMUNICATING AS A LEADER
              </div>
              <div
                class="sc-kEjbdu sc-dQpIV gwGjDr hfUQze"
              >
                test qa
              </div>
            </div>
            <div>
              <div
                class="sc-jrAGKZ sc-crrtmM ibXuTY dbuhjB"
              >
                AqibAbas
              </div>
              <div
                class="sc-jrAGKZ sc-iqHXzD ibXuTY gKFJEZ"
              >
                Subway APAC
              </div>
            </div>
          </div>
          <div
            class="sc-fubDmA iDUUgp"
          >
            <img
              alt="ShareIcon"
              src="ShareIcon.svg"
            />
            <img
              alt="BookmarkIcon"
              src="BookmarkIcon.svg"
            />
          </div>
        </div>
      </div>
    </div>
  </div>
</div>
`;
